MaxInductionHelper: verified
MaxInduction: verified
MaxIterHelper: verified
MaxIter: verified
Main: not verified
