MaxInductionHelper: verified
MaxInduction: verified
MaxIterHelper: verified
MaxIter: verified
Main: verified
